// Jest Snapshot v1, https://goo.gl/fbAQLP

exports[`<Footer /> should render 4 columns topics 1`] = ` `;
