// Jest Snapshot v1, https://goo.gl/fbAQLP

exports[`<Highlight /> should render headings and button 1`] = ` `;
